// Jest Snapshot v1, https://goo.gl/fbAQLP

exports[`route generation configuration i18n 1`] = `
[
  [
    "nextjs-routes.d.ts",
    "// THIS IS AN AUTOGENERATED FILE. DO NOT EDIT THIS FILE DIRECTLY.
// This file will be automatically regenerated when your Next.js server is running.
/* eslint-disable */

// prettier-ignore
declare module "nextjs-routes" {
  export type Route =
    | { pathname: "/"; query?: Query | undefined };

  type Query<Params = {}> = Params & {
    [key: string]: string | string[] | undefined;
  };

  type QueryForPathname = {
    [K in Route as K["pathname"]]: Exclude<K["query"], undefined>;
  };

  export type RoutedQuery<P extends Route["pathname"]> = QueryForPathname[P];

  export type Locale = 
      | "en-US"
    | "fr"
    | "nl-NL";

  /**
   * A typesafe utility function for generating paths in your application.
   *
   * route({ pathname: "/foos/[foo]", query: { foo: "bar" }}) will produce "/foos/bar".
   */
  export declare function route(r: Route): string;
}

// prettier-ignore
declare module "next/link" {
  import type { Route } from "nextjs-routes";
  import type { LinkProps as NextLinkProps } from "next/dist/client/link";
  import type { PropsWithChildren, MouseEventHandler } from "react";
  export * from "next/dist/client/link";

  type Query = { query?: { [key: string]: string | string[] | undefined } };
  type StaticRoute = Exclude<Route, { query: any }>["pathname"];

  export interface LinkProps<Href extends Route | Query = Route | Query>
    extends Omit<NextLinkProps, "href" | "locale"> {
    href: Href;
    locale?: Locale | false;
  }

  type LinkReactElement = DetailedReactHTMLElement<
    {
      onMouseEnter?: MouseEventHandler<Element> | undefined;
      onClick: MouseEventHandler;
      href?: string | undefined;
      ref?: any;
    },
    HTMLElement
  >;

  declare function Link(
    props: PropsWithChildren<LinkProps<Route>>
  ): LinkReactElement;
  declare function Link(
    props: PropsWithChildren<LinkProps<StaticRoute>>
  ): LinkReactElement;
  declare function Link(
    props: PropsWithChildren<LinkProps<Query>>
  ): LinkReactElement;

  export default Link;
}

// prettier-ignore
declare module "next/router" {
  import type { Locale, Route, RoutedQuery } from "nextjs-routes";
  import type { NextRouter as Router } from "next/dist/client/router";
  export * from "next/dist/client/router";
  export { default } from "next/dist/client/router";

  type NextTransitionOptions = NonNullable<Parameters<Router["push"]>[2]>;
  type StaticRoute = Exclude<Route, { query: any }>["pathname"];

  interface TransitionOptions extends Omit<NextTransitionOptions, "locale"> {
    locale?: Locale | false;
  };

  export interface NextRouter<P extends Route["pathname"] = Route["pathname"]>
    extends Omit<
      Router,
      | "push"
      | "replace"
      | "locale"
      | "locales"
      | "defaultLocale"
      | "domainLocales"
    > {
    defaultLocale: "en-US";
    domainLocales: [
      {
        "domain": "example.nl",
        "defaultLocale": "nl-NL",
        "locales": [
          "nl-BE"
        ]
      },
      {
        "domain": "example.fr",
        "defaultLocale": "fr",
        "http": true
      }
    ];
    locale: Locale;
    locales: [
      "en-US",
      "fr",
      "nl-NL"
    ];
    pathname: P;
    push(
      url: Route,
      as?: string,
      options?: TransitionOptions
    ): Promise<boolean>;
    push(
      url: StaticRoute,
      as?: string,
      options?: TransitionOptions
    ): Promise<boolean>;
    push(
      url: { query: { [key: string]: string | string[] | undefined } },
      as?: string,
      options?: TransitionOptions
    ): Promise<boolean>;
    query: RoutedQuery<P>;
    replace(
      url: Route,
      as?: string,
      options?: TransitionOptions
    ): Promise<boolean>;
    replace(
      url: StaticRoute,
      as?: string,
      options?: TransitionOptions
    ): Promise<boolean>;
    replace(
      url: { query: { [key: string]: string | string[] | undefined } },
      as?: string,
      options?: TransitionOptions
    ): Promise<boolean>;
    route: P;
  }

  export function useRouter<P extends Route["pathname"]>(): NextRouter<P>;
}
",
  ],
]
`;

exports[`route generation configuration outDir 1`] = `
[
  [
    "src/nextjs-routes.d.ts",
    "// THIS IS AN AUTOGENERATED FILE. DO NOT EDIT THIS FILE DIRECTLY.
// This file will be automatically regenerated when your Next.js server is running.
/* eslint-disable */

// prettier-ignore
declare module "nextjs-routes" {
  export type Route =
    | { pathname: "/404"; query?: Query | undefined };

  type Query<Params = {}> = Params & {
    [key: string]: string | string[] | undefined;
  };

  type QueryForPathname = {
    [K in Route as K["pathname"]]: Exclude<K["query"], undefined>;
  };

  export type RoutedQuery<P extends Route["pathname"]> = QueryForPathname[P];

  export type Locale = undefined;

  /**
   * A typesafe utility function for generating paths in your application.
   *
   * route({ pathname: "/foos/[foo]", query: { foo: "bar" }}) will produce "/foos/bar".
   */
  export declare function route(r: Route): string;
}

// prettier-ignore
declare module "next/link" {
  import type { Route } from "nextjs-routes";
  import type { LinkProps as NextLinkProps } from "next/dist/client/link";
  import type { PropsWithChildren, MouseEventHandler } from "react";
  export * from "next/dist/client/link";

  type Query = { query?: { [key: string]: string | string[] | undefined } };
  type StaticRoute = Exclude<Route, { query: any }>["pathname"];

  export interface LinkProps<Href extends Route | Query = Route | Query>
    extends Omit<NextLinkProps, "href" | "locale"> {
    href: Href;
    locale?: false;
  }

  type LinkReactElement = DetailedReactHTMLElement<
    {
      onMouseEnter?: MouseEventHandler<Element> | undefined;
      onClick: MouseEventHandler;
      href?: string | undefined;
      ref?: any;
    },
    HTMLElement
  >;

  declare function Link(
    props: PropsWithChildren<LinkProps<Route>>
  ): LinkReactElement;
  declare function Link(
    props: PropsWithChildren<LinkProps<StaticRoute>>
  ): LinkReactElement;
  declare function Link(
    props: PropsWithChildren<LinkProps<Query>>
  ): LinkReactElement;

  export default Link;
}

// prettier-ignore
declare module "next/router" {
  import type { Locale, Route, RoutedQuery } from "nextjs-routes";
  import type { NextRouter as Router } from "next/dist/client/router";
  export * from "next/dist/client/router";
  export { default } from "next/dist/client/router";

  type NextTransitionOptions = NonNullable<Parameters<Router["push"]>[2]>;
  type StaticRoute = Exclude<Route, { query: any }>["pathname"];

  interface TransitionOptions extends Omit<NextTransitionOptions, "locale"> {
    locale?: false;
  };

  export interface NextRouter<P extends Route["pathname"] = Route["pathname"]>
    extends Omit<
      Router,
      | "push"
      | "replace"
      | "locale"
      | "locales"
      | "defaultLocale"
      | "domainLocales"
    > {
    defaultLocale?: undefined;
    domainLocales?: undefined;
    locale?: Locale;
    locales?: undefined;
    pathname: P;
    push(
      url: Route,
      as?: string,
      options?: TransitionOptions
    ): Promise<boolean>;
    push(
      url: StaticRoute,
      as?: string,
      options?: TransitionOptions
    ): Promise<boolean>;
    push(
      url: { query: { [key: string]: string | string[] | undefined } },
      as?: string,
      options?: TransitionOptions
    ): Promise<boolean>;
    query: RoutedQuery<P>;
    replace(
      url: Route,
      as?: string,
      options?: TransitionOptions
    ): Promise<boolean>;
    replace(
      url: StaticRoute,
      as?: string,
      options?: TransitionOptions
    ): Promise<boolean>;
    replace(
      url: { query: { [key: string]: string | string[] | undefined } },
      as?: string,
      options?: TransitionOptions
    ): Promise<boolean>;
    route: P;
  }

  export function useRouter<P extends Route["pathname"]>(): NextRouter<P>;
}
",
  ],
]
`;

exports[`route generation configuration pageExtensions configured 1`] = `
[
  [
    "nextjs-routes.d.ts",
    "// THIS IS AN AUTOGENERATED FILE. DO NOT EDIT THIS FILE DIRECTLY.
// This file will be automatically regenerated when your Next.js server is running.
/* eslint-disable */

// prettier-ignore
declare module "nextjs-routes" {
  export type Route =
    | { pathname: "/404"; query?: Query | undefined }
    | { pathname: "/"; query?: Query | undefined }
    | { pathname: "/foo"; query?: Query | undefined };

  type Query<Params = {}> = Params & {
    [key: string]: string | string[] | undefined;
  };

  type QueryForPathname = {
    [K in Route as K["pathname"]]: Exclude<K["query"], undefined>;
  };

  export type RoutedQuery<P extends Route["pathname"]> = QueryForPathname[P];

  export type Locale = undefined;

  /**
   * A typesafe utility function for generating paths in your application.
   *
   * route({ pathname: "/foos/[foo]", query: { foo: "bar" }}) will produce "/foos/bar".
   */
  export declare function route(r: Route): string;
}

// prettier-ignore
declare module "next/link" {
  import type { Route } from "nextjs-routes";
  import type { LinkProps as NextLinkProps } from "next/dist/client/link";
  import type { PropsWithChildren, MouseEventHandler } from "react";
  export * from "next/dist/client/link";

  type Query = { query?: { [key: string]: string | string[] | undefined } };
  type StaticRoute = Exclude<Route, { query: any }>["pathname"];

  export interface LinkProps<Href extends Route | Query = Route | Query>
    extends Omit<NextLinkProps, "href" | "locale"> {
    href: Href;
    locale?: false;
  }

  type LinkReactElement = DetailedReactHTMLElement<
    {
      onMouseEnter?: MouseEventHandler<Element> | undefined;
      onClick: MouseEventHandler;
      href?: string | undefined;
      ref?: any;
    },
    HTMLElement
  >;

  declare function Link(
    props: PropsWithChildren<LinkProps<Route>>
  ): LinkReactElement;
  declare function Link(
    props: PropsWithChildren<LinkProps<StaticRoute>>
  ): LinkReactElement;
  declare function Link(
    props: PropsWithChildren<LinkProps<Query>>
  ): LinkReactElement;

  export default Link;
}

// prettier-ignore
declare module "next/router" {
  import type { Locale, Route, RoutedQuery } from "nextjs-routes";
  import type { NextRouter as Router } from "next/dist/client/router";
  export * from "next/dist/client/router";
  export { default } from "next/dist/client/router";

  type NextTransitionOptions = NonNullable<Parameters<Router["push"]>[2]>;
  type StaticRoute = Exclude<Route, { query: any }>["pathname"];

  interface TransitionOptions extends Omit<NextTransitionOptions, "locale"> {
    locale?: false;
  };

  export interface NextRouter<P extends Route["pathname"] = Route["pathname"]>
    extends Omit<
      Router,
      | "push"
      | "replace"
      | "locale"
      | "locales"
      | "defaultLocale"
      | "domainLocales"
    > {
    defaultLocale?: undefined;
    domainLocales?: undefined;
    locale?: Locale;
    locales?: undefined;
    pathname: P;
    push(
      url: Route,
      as?: string,
      options?: TransitionOptions
    ): Promise<boolean>;
    push(
      url: StaticRoute,
      as?: string,
      options?: TransitionOptions
    ): Promise<boolean>;
    push(
      url: { query: { [key: string]: string | string[] | undefined } },
      as?: string,
      options?: TransitionOptions
    ): Promise<boolean>;
    query: RoutedQuery<P>;
    replace(
      url: Route,
      as?: string,
      options?: TransitionOptions
    ): Promise<boolean>;
    replace(
      url: StaticRoute,
      as?: string,
      options?: TransitionOptions
    ): Promise<boolean>;
    replace(
      url: { query: { [key: string]: string | string[] | undefined } },
      as?: string,
      options?: TransitionOptions
    ): Promise<boolean>;
    route: P;
  }

  export function useRouter<P extends Route["pathname"]>(): NextRouter<P>;
}
",
  ],
]
`;

exports[`route generation configuration pageExtensions default 1`] = `
[
  [
    "nextjs-routes.d.ts",
    "// THIS IS AN AUTOGENERATED FILE. DO NOT EDIT THIS FILE DIRECTLY.
// This file will be automatically regenerated when your Next.js server is running.
/* eslint-disable */

// prettier-ignore
declare module "nextjs-routes" {
  export type Route =
    | { pathname: "/404"; query?: Query | undefined };

  type Query<Params = {}> = Params & {
    [key: string]: string | string[] | undefined;
  };

  type QueryForPathname = {
    [K in Route as K["pathname"]]: Exclude<K["query"], undefined>;
  };

  export type RoutedQuery<P extends Route["pathname"]> = QueryForPathname[P];

  export type Locale = undefined;

  /**
   * A typesafe utility function for generating paths in your application.
   *
   * route({ pathname: "/foos/[foo]", query: { foo: "bar" }}) will produce "/foos/bar".
   */
  export declare function route(r: Route): string;
}

// prettier-ignore
declare module "next/link" {
  import type { Route } from "nextjs-routes";
  import type { LinkProps as NextLinkProps } from "next/dist/client/link";
  import type { PropsWithChildren, MouseEventHandler } from "react";
  export * from "next/dist/client/link";

  type Query = { query?: { [key: string]: string | string[] | undefined } };
  type StaticRoute = Exclude<Route, { query: any }>["pathname"];

  export interface LinkProps<Href extends Route | Query = Route | Query>
    extends Omit<NextLinkProps, "href" | "locale"> {
    href: Href;
    locale?: false;
  }

  type LinkReactElement = DetailedReactHTMLElement<
    {
      onMouseEnter?: MouseEventHandler<Element> | undefined;
      onClick: MouseEventHandler;
      href?: string | undefined;
      ref?: any;
    },
    HTMLElement
  >;

  declare function Link(
    props: PropsWithChildren<LinkProps<Route>>
  ): LinkReactElement;
  declare function Link(
    props: PropsWithChildren<LinkProps<StaticRoute>>
  ): LinkReactElement;
  declare function Link(
    props: PropsWithChildren<LinkProps<Query>>
  ): LinkReactElement;

  export default Link;
}

// prettier-ignore
declare module "next/router" {
  import type { Locale, Route, RoutedQuery } from "nextjs-routes";
  import type { NextRouter as Router } from "next/dist/client/router";
  export * from "next/dist/client/router";
  export { default } from "next/dist/client/router";

  type NextTransitionOptions = NonNullable<Parameters<Router["push"]>[2]>;
  type StaticRoute = Exclude<Route, { query: any }>["pathname"];

  interface TransitionOptions extends Omit<NextTransitionOptions, "locale"> {
    locale?: false;
  };

  export interface NextRouter<P extends Route["pathname"] = Route["pathname"]>
    extends Omit<
      Router,
      | "push"
      | "replace"
      | "locale"
      | "locales"
      | "defaultLocale"
      | "domainLocales"
    > {
    defaultLocale?: undefined;
    domainLocales?: undefined;
    locale?: Locale;
    locales?: undefined;
    pathname: P;
    push(
      url: Route,
      as?: string,
      options?: TransitionOptions
    ): Promise<boolean>;
    push(
      url: StaticRoute,
      as?: string,
      options?: TransitionOptions
    ): Promise<boolean>;
    push(
      url: { query: { [key: string]: string | string[] | undefined } },
      as?: string,
      options?: TransitionOptions
    ): Promise<boolean>;
    query: RoutedQuery<P>;
    replace(
      url: Route,
      as?: string,
      options?: TransitionOptions
    ): Promise<boolean>;
    replace(
      url: StaticRoute,
      as?: string,
      options?: TransitionOptions
    ): Promise<boolean>;
    replace(
      url: { query: { [key: string]: string | string[] | undefined } },
      as?: string,
      options?: TransitionOptions
    ): Promise<boolean>;
    route: P;
  }

  export function useRouter<P extends Route["pathname"]>(): NextRouter<P>;
}
",
  ],
]
`;

exports[`route generation no routes 1`] = `
[
  [
    "nextjs-routes.d.ts",
    "// THIS IS AN AUTOGENERATED FILE. DO NOT EDIT THIS FILE DIRECTLY.
// This file will be automatically regenerated when your Next.js server is running.
/* eslint-disable */

// prettier-ignore
declare module "nextjs-routes" {
  export type Route =
    never;

  type Query<Params = {}> = Params & {
    [key: string]: string | string[] | undefined;
  };

  type QueryForPathname = {
    [K in Route as K["pathname"]]: Exclude<K["query"], undefined>;
  };

  export type RoutedQuery<P extends Route["pathname"]> = QueryForPathname[P];

  export type Locale = undefined;

  /**
   * A typesafe utility function for generating paths in your application.
   *
   * route({ pathname: "/foos/[foo]", query: { foo: "bar" }}) will produce "/foos/bar".
   */
  export declare function route(r: Route): string;
}

// prettier-ignore
declare module "next/link" {
  import type { Route } from "nextjs-routes";
  import type { LinkProps as NextLinkProps } from "next/dist/client/link";
  import type { PropsWithChildren, MouseEventHandler } from "react";
  export * from "next/dist/client/link";

  type Query = { query?: { [key: string]: string | string[] | undefined } };
  type StaticRoute = Exclude<Route, { query: any }>["pathname"];

  export interface LinkProps<Href extends Route | Query = Route | Query>
    extends Omit<NextLinkProps, "href" | "locale"> {
    href: Href;
    locale?: false;
  }

  type LinkReactElement = DetailedReactHTMLElement<
    {
      onMouseEnter?: MouseEventHandler<Element> | undefined;
      onClick: MouseEventHandler;
      href?: string | undefined;
      ref?: any;
    },
    HTMLElement
  >;

  declare function Link(
    props: PropsWithChildren<LinkProps<Route>>
  ): LinkReactElement;
  declare function Link(
    props: PropsWithChildren<LinkProps<StaticRoute>>
  ): LinkReactElement;
  declare function Link(
    props: PropsWithChildren<LinkProps<Query>>
  ): LinkReactElement;

  export default Link;
}

// prettier-ignore
declare module "next/router" {
  import type { Locale, Route, RoutedQuery } from "nextjs-routes";
  import type { NextRouter as Router } from "next/dist/client/router";
  export * from "next/dist/client/router";
  export { default } from "next/dist/client/router";

  type NextTransitionOptions = NonNullable<Parameters<Router["push"]>[2]>;
  type StaticRoute = Exclude<Route, { query: any }>["pathname"];

  interface TransitionOptions extends Omit<NextTransitionOptions, "locale"> {
    locale?: false;
  };

  export interface NextRouter<P extends Route["pathname"] = Route["pathname"]>
    extends Omit<
      Router,
      | "push"
      | "replace"
      | "locale"
      | "locales"
      | "defaultLocale"
      | "domainLocales"
    > {
    defaultLocale?: undefined;
    domainLocales?: undefined;
    locale?: Locale;
    locales?: undefined;
    pathname: P;
    push(
      url: Route,
      as?: string,
      options?: TransitionOptions
    ): Promise<boolean>;
    push(
      url: StaticRoute,
      as?: string,
      options?: TransitionOptions
    ): Promise<boolean>;
    push(
      url: { query: { [key: string]: string | string[] | undefined } },
      as?: string,
      options?: TransitionOptions
    ): Promise<boolean>;
    query: RoutedQuery<P>;
    replace(
      url: Route,
      as?: string,
      options?: TransitionOptions
    ): Promise<boolean>;
    replace(
      url: StaticRoute,
      as?: string,
      options?: TransitionOptions
    ): Promise<boolean>;
    replace(
      url: { query: { [key: string]: string | string[] | undefined } },
      as?: string,
      options?: TransitionOptions
    ): Promise<boolean>;
    route: P;
  }

  export function useRouter<P extends Route["pathname"]>(): NextRouter<P>;
}
",
  ],
]
`;

exports[`route generation typescript 1`] = `
[
  [
    "nextjs-routes.d.ts",
    "// THIS IS AN AUTOGENERATED FILE. DO NOT EDIT THIS FILE DIRECTLY.
// This file will be automatically regenerated when your Next.js server is running.
/* eslint-disable */

// prettier-ignore
declare module "nextjs-routes" {
  export type Route =
    | { pathname: "/404"; query?: Query | undefined }
    | { pathname: "/[foo]"; query: Query<{ "foo": string }> }
    | { pathname: "/[foo]/[bar]/[baz]"; query: Query<{ "foo": string; "bar": string; "baz": string }> }
    | { pathname: "/[foo]/bar/[baz]"; query: Query<{ "foo": string; "baz": string }> }
    | { pathname: "/[foo]/bar/[baz]/foo/[bar]"; query: Query<{ "foo": string; "baz": string; "bar": string }> }
    | { pathname: "/[foo]/baz"; query: Query<{ "foo": string }> }
    | { pathname: "/_debug"; query?: Query | undefined }
    | { pathname: "/_debug/health-check"; query?: Query | undefined }
    | { pathname: "/api/[[...segments]]"; query?: Query | undefined }
    | { pathname: "/api/[...segments]"; query: Query<{ "segments": string[] }> }
    | { pathname: "/api/bar"; query?: Query | undefined }
    | { pathname: "/foo/[slug]"; query: Query<{ "slug": string }> }
    | { pathname: "/"; query?: Query | undefined }
    | { pathname: "/not-found"; query?: Query | undefined }
    | { pathname: "/settings/bars/[bar]"; query: Query<{ "bar": string }> }
    | { pathname: "/settings/bars/[bar]/baz"; query: Query<{ "bar": string }> }
    | { pathname: "/settings/foo"; query?: Query | undefined }
    | { pathname: "/settings"; query?: Query | undefined };

  type Query<Params = {}> = Params & {
    [key: string]: string | string[] | undefined;
  };

  type QueryForPathname = {
    [K in Route as K["pathname"]]: Exclude<K["query"], undefined>;
  };

  export type RoutedQuery<P extends Route["pathname"]> = QueryForPathname[P];

  export type Locale = undefined;

  /**
   * A typesafe utility function for generating paths in your application.
   *
   * route({ pathname: "/foos/[foo]", query: { foo: "bar" }}) will produce "/foos/bar".
   */
  export declare function route(r: Route): string;
}

// prettier-ignore
declare module "next/link" {
  import type { Route } from "nextjs-routes";
  import type { LinkProps as NextLinkProps } from "next/dist/client/link";
  import type { PropsWithChildren, MouseEventHandler } from "react";
  export * from "next/dist/client/link";

  type Query = { query?: { [key: string]: string | string[] | undefined } };
  type StaticRoute = Exclude<Route, { query: any }>["pathname"];

  export interface LinkProps<Href extends Route | Query = Route | Query>
    extends Omit<NextLinkProps, "href" | "locale"> {
    href: Href;
    locale?: false;
  }

  type LinkReactElement = DetailedReactHTMLElement<
    {
      onMouseEnter?: MouseEventHandler<Element> | undefined;
      onClick: MouseEventHandler;
      href?: string | undefined;
      ref?: any;
    },
    HTMLElement
  >;

  declare function Link(
    props: PropsWithChildren<LinkProps<Route>>
  ): LinkReactElement;
  declare function Link(
    props: PropsWithChildren<LinkProps<StaticRoute>>
  ): LinkReactElement;
  declare function Link(
    props: PropsWithChildren<LinkProps<Query>>
  ): LinkReactElement;

  export default Link;
}

// prettier-ignore
declare module "next/router" {
  import type { Locale, Route, RoutedQuery } from "nextjs-routes";
  import type { NextRouter as Router } from "next/dist/client/router";
  export * from "next/dist/client/router";
  export { default } from "next/dist/client/router";

  type NextTransitionOptions = NonNullable<Parameters<Router["push"]>[2]>;
  type StaticRoute = Exclude<Route, { query: any }>["pathname"];

  interface TransitionOptions extends Omit<NextTransitionOptions, "locale"> {
    locale?: false;
  };

  export interface NextRouter<P extends Route["pathname"] = Route["pathname"]>
    extends Omit<
      Router,
      | "push"
      | "replace"
      | "locale"
      | "locales"
      | "defaultLocale"
      | "domainLocales"
    > {
    defaultLocale?: undefined;
    domainLocales?: undefined;
    locale?: Locale;
    locales?: undefined;
    pathname: P;
    push(
      url: Route,
      as?: string,
      options?: TransitionOptions
    ): Promise<boolean>;
    push(
      url: StaticRoute,
      as?: string,
      options?: TransitionOptions
    ): Promise<boolean>;
    push(
      url: { query: { [key: string]: string | string[] | undefined } },
      as?: string,
      options?: TransitionOptions
    ): Promise<boolean>;
    query: RoutedQuery<P>;
    replace(
      url: Route,
      as?: string,
      options?: TransitionOptions
    ): Promise<boolean>;
    replace(
      url: StaticRoute,
      as?: string,
      options?: TransitionOptions
    ): Promise<boolean>;
    replace(
      url: { query: { [key: string]: string | string[] | undefined } },
      as?: string,
      options?: TransitionOptions
    ): Promise<boolean>;
    route: P;
  }

  export function useRouter<P extends Route["pathname"]>(): NextRouter<P>;
}
",
  ],
]
`;
